
> jimvio@1.0.0 build
> next build

   Γû▓ Next.js 15.5.12
   - Environments: .env.local, .env
   - Experiments (use with caution):
     ┬╖ serverActions

   Creating an optimized production build ...
 Γ£ô Compiled successfully in 21.3s
   Linting and checking validity of types ...
node.exe : Failed to compile.
At line:1 char:1
+ & "C:\Program 
Files\nodejs/node.exe" 
"C:\Program 
Files\nodejs/node_mo ...
+ ~~~~~~~~~~~~~~~~~~~~~~~~~~~
~~~~~~~~~~~~~~~~~~~~~~~~~~~~~
~~~~~~~~~~~~~
    + CategoryInfo           
   : NotSpecified: (Failed   
  to compile.:String) [],    
 RemoteException
    + FullyQualifiedErrorId  
   : NativeCommandError
 

./components/marketplace/hero
-search.tsx:145:15
Type error: Type '{ isOpen: 
true; onClose: () => void; 
initialQuery: string; }' is 
not assignable to type 
'IntrinsicAttributes'.
  Property 'isOpen' does not 
exist on type 
'IntrinsicAttributes'.

[0m [90m 143 |[39m        
   {isAIMode [33m&&[39m (
 [90m 144 |[39m            
 [33m<[39m[33mAISourcingAs
sistant[39m 
[31m[1m>[22m[39m[90m 
145 |[39m               
isOpen[33m=[39m{isAIMode} 
 [90m     |[39m            
   [31m[1m^[22m[39m
 [90m 146 |[39m            
   onClose[33m=[39m{() 
[33m=>[39m setIsAIMode([36
mfalse[39m)} 
 [90m 147 |[39m            
   initialQuery[33m=[39m{in
itialAIQuery}
 [90m 148 |[39m            
 [33m/[39m[33m>[39m[0m
Next.js build worker exited 
with code: 1 and signal: null
