components/community/rooms/CourseRoom.tsx(273,19): error TS17014: JSX fragment has no corresponding closing tag.
components/community/rooms/CourseRoom.tsx(840,1): error TS1381: Unexpected token. Did you mean `{'}'}` or `&rbrace;`?
components/community/rooms/CourseRoom.tsx(840,2): error TS1005: '</' expected.
