app/(public)/marketplace/[slug]/page.tsx(467,66): error TS2345: Argument of type 'any' is not assignable to parameter of type 'never'.
app/(public)/vendors/[slug]/page.tsx(57,50): error TS2345: Argument of type 'any' is not assignable to parameter of type 'never'.
app/admin/payments/page.tsx(13,58): error TS2339: Property 'total_amount' does not exist on type 'never'.
app/admin/settings/page.tsx(16,62): error TS2339: Property 'value' does not exist on type 'never'.
lib/actions/admin-platform-settings.ts(26,68): error TS2769: No overload matches this call.
  Overload 1 of 2, '(values: never, options?: { onConflict?: string | undefined; ignoreDuplicates?: boolean | undefined; count?: "exact" | "planned" | "estimated" | undefined; } | undefined): PostgrestFilterBuilder<{ ...; }, ... 5 more ..., "POST">', gave the following error.
    Argument of type '{ key: string; value: Record<string, unknown>; }[]' is not assignable to parameter of type 'never'.
  Overload 2 of 2, '(values: never[], options?: { onConflict?: string | undefined; ignoreDuplicates?: boolean | undefined; count?: "exact" | "planned" | "estimated" | undefined; defaultToNull?: boolean | undefined; } | undefined): PostgrestFilterBuilder<...>', gave the following error.
    Argument of type '{ key: string; value: Record<string, unknown>; }[]' is not assignable to parameter of type 'never[]'.
      Type '{ key: string; value: Record<string, unknown>; }' is not assignable to type 'never'.
lib/actions/admin-supplier-sources.ts(22,61): error TS2769: No overload matches this call.
  Overload 1 of 2, '(values: never, options?: { onConflict?: string | undefined; ignoreDuplicates?: boolean | undefined; count?: "exact" | "planned" | "estimated" | undefined; } | undefined): PostgrestFilterBuilder<{ ...; }, ... 5 more ..., "POST">', gave the following error.
    Argument of type '{ key: string; value: Record<string, unknown>; }' is not assignable to parameter of type 'never'.
  Overload 2 of 2, '(values: never[], options?: { onConflict?: string | undefined; ignoreDuplicates?: boolean | undefined; count?: "exact" | "planned" | "estimated" | undefined; defaultToNull?: boolean | undefined; } | undefined): PostgrestFilterBuilder<...>', gave the following error.
    Object literal may only specify known properties, but 'key' does not exist in type 'never[]'. Did you mean to write 'keys'?
services/clips.ts(117,66): error TS2339: Property 'id' does not exist on type 'never'.
services/clips.ts(117,93): error TS2339: Property 'id' does not exist on type 'never'.
services/clips.ts(120,13): error TS2339: Property 'id' does not exist on type 'never'.
services/clips.ts(121,18): error TS2339: Property 'user_id' does not exist on type 'never'.
services/clips.ts(122,20): error TS2339: Property 'display_name' does not exist on type 'never'.
services/clips.ts(123,21): error TS2339: Property 'profile_image' does not exist on type 'never'.
services/clips.ts(125,35): error TS2339: Property 'total_conversions' does not exist on type 'never'.
services/clips.ts(126,30): error TS2339: Property 'total_clicks' does not exist on type 'never'.
services/clips.ts(127,44): error TS2339: Property 'id' does not exist on type 'never'.
